node.exe : ÔÜá Warning: Next.js inferred your workspace root, but it may not be correct.
No C:\Users\Templo\.gemini\antigravity\scratch\Gest-o-Global\node_modules\.bin\next.ps1:24 caractere:5
+     & "node$exe"  "$basedir/../next/dist/bin/next" $args
+     ~~~~~~~~~~~~~~~~~~~~~~~~~~~~~~~~~~~~~~~~~~~~~~~~~~~~
    + CategoryInfo          : NotSpecified: (ÔÜá Warning: Ne...not be correct.:String) [], RemoteException
    + FullyQualifiedErrorId : NativeCommandError
 
 We detected multiple lockfiles and selected the directory of C:\Users\Templo\package-lock.json as the root directory.
 To silence this warning, set `turbopack.root` in your Next.js config, or consider removing one of the lockfiles if 
it's not needed.
   See https://nextjs.org/docs/app/api-reference/config/next-config-js/turbopack#root-directory for more information.
 Detected additional lockfiles: 
   * C:\Users\Templo\.gemini\antigravity\scratch\Gest-o-Global\package-lock.json

Ôû▓ Next.js 16.1.6 (Turbopack)
- Environments: .env

  Creating an optimized production build ...

> Build error occurred
Error: Turbopack build failed with 4 errors:
./.gemini/antigravity/scratch/Gest-o-Global/lib/store.ts:1103:4
Parsing ecmascript source code failed
[0m [90m 1101 |[39m   })[33m.[39meq([32m'id'[39m[33m,[39m tuitionId)
 [90m 1102 |[39m }
[31m[1m>[22m[39m[90m 1103 |[39m [35m/ /[39m[37m[41m[1m [22m[49m[39m [37m[41m[1m [22m[49m[39m[33mV
[39m[37m[41m[1m [22m[49m[39me[37m[41m[1m [22m[49m[39mr[37m[41m[1m [22m[49m[39ms[37m[41m[1m [22m[
49m[39mi[37m[41m[1m [22m[49m[39mo[37m[41m[1m [22m[49m[39mn[37m[41m[1m [22m[49m[39m [37m[41m[1m [
22m[49m[39m[35m2[39m[37m[41m[1m [22m[49m[39m[33m.[39m[37m[41m[1m [22m[49m[39m[35m0[39m[37m[41m[1
m [22m[49m[39m[33m.[39m[37m[41m[1m [22m[49m[39m[35m1[39m[37m[41m[1m [22m[49m[39m 
[37m[41m[1m [22m[49m[39m[33m-[39m[37m[41m[1m [22m[49m[39m [37m[41m[1m [22m[49m[39m[33mF[39m[37m
[41m[1m [22m[49m[39mo[37m[41m[1m [22m[49m[39mr[37m[41m[1m [22m[49m[39mc[37m[41m[1m [22m[49m[39me
[37m[41m[1m [22m[49m[39m [37m[41m[1m [22m[49m[39m[33mD[39m[37m[41m[1m [22m[49m[39me[37m[41m[1m [
22m[49m[39mp[37m[41m[1m [22m[49m[39ml[37m[41m[1m [22m[49m[39mo[37m[41m[1m [22m[49m[39my[37m[41m[
1m [22m[49m[39m
 [90m      |[39m    [31m[1m^[22m[39m
 [90m 1104 |[39m [37m[41m[1m [22m[49m[39m
 [90m 1105 |[39m [37m[41m[1m [22m[49m[39m[0m

Unexpected character '\0'

Import traces:
  Client Component Browser:
    ./.gemini/antigravity/scratch/Gest-o-Global/lib/store.ts [Client Component Browser]
    ./.gemini/antigravity/scratch/Gest-o-Global/app/registrar/page.tsx [Client Component Browser]
    ./.gemini/antigravity/scratch/Gest-o-Global/app/registrar/page.tsx [Server Component]

  Client Component SSR:
    ./.gemini/antigravity/scratch/Gest-o-Global/lib/store.ts [Client Component SSR]
    ./.gemini/antigravity/scratch/Gest-o-Global/app/registrar/page.tsx [Client Component SSR]
    ./.gemini/antigravity/scratch/Gest-o-Global/app/registrar/page.tsx [Server Component]


./.gemini/antigravity/scratch/Gest-o-Global/lib/store.ts:1103:6
Parsing ecmascript source code failed
[0m [90m 1101 |[39m   })[33m.[39meq([32m'id'[39m[33m,[39m tuitionId)
 [90m 1102 |[39m }
[31m[1m>[22m[39m[90m 1103 |[39m [35m/ /[39m[37m[41m[1m [22m[49m[39m [37m[41m[1m [22m[49m[39m[33mV
[39m[37m[41m[1m [22m[49m[39me[37m[41m[1m [22m[49m[39mr[37m[41m[1m [22m[49m[39ms[37m[41m[1m [22m[
49m[39mi[37m[41m[1m [22m[49m[39mo[37m[41m[1m [22m[49m[39mn[37m[41m[1m [22m[49m[39m [37m[41m[1m [
22m[49m[39m[35m2[39m[37m[41m[1m [22m[49m[39m[33m.[39m[37m[41m[1m [22m[49m[39m[35m0[39m[37m[41m[1
m [22m[49m[39m[33m.[39m[37m[41m[1m [22m[49m[39m[35m1[39m[37m[41m[1m [22m[49m[39m 
[37m[41m[1m [22m[49m[39m[33m-[39m[37m[41m[1m [22m[49m[39m [37m[41m[1m [22m[49m[39m[33mF[39m[37m
[41m[1m [22m[49m[39mo[37m[41m[1m [22m[49m[39mr[37m[41m[1m [22m[49m[39mc[37m[41m[1m [22m[49m[39me
[37m[41m[1m [22m[49m[39m [37m[41m[1m [22m[49m[39m[33mD[39m[37m[41m[1m [22m[49m[39me[37m[41m[1m [
22m[49m[39mp[37m[41m[1m [22m[49m[39ml[37m[41m[1m [22m[49m[39mo[37m[41m[1m [22m[49m[39my[37m[41m[
1m [22m[49m[39m
 [90m      |[39m      [31m[1m^[22m[39m
 [90m 1104 |[39m [37m[41m[1m [22m[49m[39m
 [90m 1105 |[39m [37m[41m[1m [22m[49m[39m[0m

Unexpected character '\0'

Import traces:
  Client Component Browser:
    ./.gemini/antigravity/scratch/Gest-o-Global/lib/store.ts [Client Component Browser]
    ./.gemini/antigravity/scratch/Gest-o-Global/app/registrar/page.tsx [Client Component Browser]
    ./.gemini/antigravity/scratch/Gest-o-Global/app/registrar/page.tsx [Server Component]

  Client Component SSR:
    ./.gemini/antigravity/scratch/Gest-o-Global/lib/store.ts [Client Component SSR]
    ./.gemini/antigravity/scratch/Gest-o-Global/app/registrar/page.tsx [Client Component SSR]
    ./.gemini/antigravity/scratch/Gest-o-Global/app/registrar/page.tsx [Server Component]


./.gemini/antigravity/scratch/Gest-o-Global/components/financial-manager.tsx:41:1
Export printFinancialDRE_PDF doesn't exist in target module
[0m [90m 39 |[39m } [36mfrom[39m [32m"@/components/ui/select"[39m
 [90m 40 |[39m [36mimport[39m { [33mScrollArea[39m } [36mfrom[39m [32m"@/components/ui/scroll-area"[39m
[31m[1m>[22m[39m[90m 41 |[39m [36mimport[39m { printFinancialDRE_PDF[33m,[39m printTuitionReportPDF } 
[36mfrom[39m [32m"@/lib/pdf"[39m
 [90m    |[39m [31m[1m^[22m[39m[31m[1m^[22m[39m[31m[1m^[22m[39m[31m[1m^[22m[39m[31m[1m^[22m[39m[
31m[1m^[22m[39m[31m[1m^[22m[39m[31m[1m^[22m[39m[31m[1m^[22m[39m[31m[1m^[22m[39m[31m[1m^[22m[39m
[31m[1m^[22m[39m[31m[1m^[22m[39m[31m[1m^[22m[39m[31m[1m^[22m[39m[31m[1m^[22m[39m[31m[1m^[22m[39m
[31m[1m^[22m[39m[31m[1m^[22m[39m[31m[1m^[22m[39m[31m[1m^[22m[39m[31m[1m^[22m[39m[31m[1m^[22m[39
m[31m[1m^[22m[39m[31m[1m^[22m[39m[31m[1m^[22m[39m[31m[1m^[22m[39m[31m[1m^[22m[39m[31m[1m^[22m[3
9m[31m[1m^[22m[39m[31m[1m^[22m[39m[31m[1m^[22m[39m[31m[1m^[22m[39m[31m[1m^[22m[39m[31m[1m^[22m[
39m[31m[1m^[22m[39m[31m[1m^[22m[39m[31m[1m^[22m[39m[31m[1m^[22m[39m[31m[1m^[22m[39m[31m[1m^[22m
[39m[31m[1m^[22m[39m[31m[1m^[22m[39m[31m[1m^[22m[39m[31m[1m^[22m[39m[31m[1m^[22m[39m[31m[1m^[22m
[39m[31m[1m^[22m[39m[31m[1m^[22m[39m[31m[1m^[22m[39m[31m[1m^[22m[39m[31m[1m^[22m[39m[31m[1m^[22
m[39m[31m[1m^[22m[39m[31m[1m^[22m[39m[31m[1m^[22m[39m[31m[1m^[22m[39m[31m[1m^[22m[39m[31m[1m^[2
2m[39m[31m[1m^[22m[39m[31m[1m^[22m[39m[31m[1m^[22m[39m[31m[1m^[22m[39m[31m[1m^[22m[39m[31m[1m^[
22m[39m[31m[1m^[22m[39m[31m[1m^[22m[39m[31m[1m^[22m[39m[31m[1m^[22m[39m[31m[1m^[22m[39m[31m[1m^
[22m[39m[31m[1m^[22m[39m
 [90m 42 |[39m
 [90m 43 |[39m [90m// --- Constants ---[39m
 [90m 44 |[39m [36mconst[39m [33mCATEGORIES[39m [33m=[39m [[0m

The export printFinancialDRE_PDF was not found in module 
[project]/.gemini/antigravity/scratch/Gest-o-Global/lib/pdf.ts [app-client] (ecmascript).
Did you mean to import printAttendanceReportPDF?
All exports of the module are statically known (It doesn't have dynamic exports). So it's known statically that the 
requested export doesn't exist.

Import traces:
  Client Component Browser:
    ./.gemini/antigravity/scratch/Gest-o-Global/components/financial-manager.tsx [Client Component Browser]
    ./.gemini/antigravity/scratch/Gest-o-Global/components/admin-dashboard.tsx [Client Component Browser]
    ./.gemini/antigravity/scratch/Gest-o-Global/app/page.tsx [Client Component Browser]
    ./.gemini/antigravity/scratch/Gest-o-Global/app/page.tsx [Server Component]

  Client Component SSR:
    ./.gemini/antigravity/scratch/Gest-o-Global/components/financial-manager.tsx [Client Component SSR]
    ./.gemini/antigravity/scratch/Gest-o-Global/components/admin-dashboard.tsx [Client Component SSR]
    ./.gemini/antigravity/scratch/Gest-o-Global/app/page.tsx [Client Component SSR]
    ./.gemini/antigravity/scratch/Gest-o-Global/app/page.tsx [Server Component]


./.gemini/antigravity/scratch/Gest-o-Global/components/financial-manager.tsx:41:1
Export printFinancialDRE_PDF doesn't exist in target module
[0m [90m 39 |[39m } [36mfrom[39m [32m"@/components/ui/select"[39m
 [90m 40 |[39m [36mimport[39m { [33mScrollArea[39m } [36mfrom[39m [32m"@/components/ui/scroll-area"[39m
[31m[1m>[22m[39m[90m 41 |[39m [36mimport[39m { printFinancialDRE_PDF[33m,[39m printTuitionReportPDF } 
[36mfrom[39m [32m"@/lib/pdf"[39m
 [90m    |[39m [31m[1m^[22m[39m[31m[1m^[22m[39m[31m[1m^[22m[39m[31m[1m^[22m[39m[31m[1m^[22m[39m[
31m[1m^[22m[39m[31m[1m^[22m[39m[31m[1m^[22m[39m[31m[1m^[22m[39m[31m[1m^[22m[39m[31m[1m^[22m[39m
[31m[1m^[22m[39m[31m[1m^[22m[39m[31m[1m^[22m[39m[31m[1m^[22m[39m[31m[1m^[22m[39m[31m[1m^[22m[39m
[31m[1m^[22m[39m[31m[1m^[22m[39m[31m[1m^[22m[39m[31m[1m^[22m[39m[31m[1m^[22m[39m[31m[1m^[22m[39
m[31m[1m^[22m[39m[31m[1m^[22m[39m[31m[1m^[22m[39m[31m[1m^[22m[39m[31m[1m^[22m[39m[31m[1m^[22m[3
9m[31m[1m^[22m[39m[31m[1m^[22m[39m[31m[1m^[22m[39m[31m[1m^[22m[39m[31m[1m^[22m[39m[31m[1m^[22m[
39m[31m[1m^[22m[39m[31m[1m^[22m[39m[31m[1m^[22m[39m[31m[1m^[22m[39m[31m[1m^[22m[39m[31m[1m^[22m
[39m[31m[1m^[22m[39m[31m[1m^[22m[39m[31m[1m^[22m[39m[31m[1m^[22m[39m[31m[1m^[22m[39m[31m[1m^[22m
[39m[31m[1m^[22m[39m[31m[1m^[22m[39m[31m[1m^[22m[39m[31m[1m^[22m[39m[31m[1m^[22m[39m[31m[1m^[22
m[39m[31m[1m^[22m[39m[31m[1m^[22m[39m[31m[1m^[22m[39m[31m[1m^[22m[39m[31m[1m^[22m[39m[31m[1m^[2
2m[39m[31m[1m^[22m[39m[31m[1m^[22m[39m[31m[1m^[22m[39m[31m[1m^[22m[39m[31m[1m^[22m[39m[31m[1m^[
22m[39m[31m[1m^[22m[39m[31m[1m^[22m[39m[31m[1m^[22m[39m[31m[1m^[22m[39m[31m[1m^[22m[39m[31m[1m^
[22m[39m[31m[1m^[22m[39m
 [90m 42 |[39m
 [90m 43 |[39m [90m// --- Constants ---[39m
 [90m 44 |[39m [36mconst[39m [33mCATEGORIES[39m [33m=[39m [[0m

The export printFinancialDRE_PDF was not found in module 
[project]/.gemini/antigravity/scratch/Gest-o-Global/lib/pdf.ts [app-ssr] (ecmascript).
Did you mean to import printAttendanceReportPDF?
All exports of the module are statically known (It doesn't have dynamic exports). So it's known statically that the 
requested export doesn't exist.

Import traces:
  Client Component Browser:
    ./.gemini/antigravity/scratch/Gest-o-Global/components/financial-manager.tsx [Client Component Browser]
    ./.gemini/antigravity/scratch/Gest-o-Global/components/admin-dashboard.tsx [Client Component Browser]
    ./.gemini/antigravity/scratch/Gest-o-Global/app/page.tsx [Client Component Browser]
    ./.gemini/antigravity/scratch/Gest-o-Global/app/page.tsx [Server Component]

  Client Component SSR:
    ./.gemini/antigravity/scratch/Gest-o-Global/components/financial-manager.tsx [Client Component SSR]
    ./.gemini/antigravity/scratch/Gest-o-Global/components/admin-dashboard.tsx [Client Component SSR]
    ./.gemini/antigravity/scratch/Gest-o-Global/app/page.tsx [Client Component SSR]
    ./.gemini/antigravity/scratch/Gest-o-Global/app/page.tsx [Server Component]


    at <unknown> (./.gemini/antigravity/scratch/Gest-o-Global/lib/store.ts:1103:4)
    at <unknown> (./.gemini/antigravity/scratch/Gest-o-Global/lib/store.ts:1103:6)
    at <unknown> (./.gemini/antigravity/scratch/Gest-o-Global/components/financial-manager.tsx:41:1)
    at <unknown> (./.gemini/antigravity/scratch/Gest-o-Global/components/financial-manager.tsx:41:1)
